src/app/(dashboard)/admin/settings/page.tsx(150,33): error TS2339: Property 'organization_sizes' does not exist on type 'ConstantsResponse'.
src/app/(dashboard)/admin/settings/page.tsx(150,58): error TS7006: Parameter 'size' implicitly has an 'any' type.
src/app/(dashboard)/artifacts/page.tsx(25,10): error TS2678: Type '"generating"' is not comparable to type 'ArtifactStatus'.
src/app/(dashboard)/artifacts/page.tsx(87,35): error TS2339: Property 'results' does not exist on type 'PaginatedResponse<ArtifactRead>'.
src/app/(dashboard)/artifacts/page.tsx(87,52): error TS7006: Parameter 'artifact' implicitly has an 'any' type.
src/app/(dashboard)/artifacts/page.tsx(144,39): error TS7006: Parameter 'artifact' implicitly has an 'any' type.
src/app/(dashboard)/artifacts/page.tsx(150,27): error TS2339: Property 'count' does not exist on type 'PaginatedResponse<ArtifactRead>'.
src/app/(dashboard)/artifacts/page.tsx(160,50): error TS2339: Property 'count' does not exist on type 'PaginatedResponse<ArtifactRead>'.
src/app/(dashboard)/artifacts/page.tsx(164,52): error TS2339: Property 'count' does not exist on type 'PaginatedResponse<ArtifactRead>'.
src/app/(dashboard)/challenges/[challengeId]/page.tsx(42,73): error TS2345: Argument of type '{ challenge_id: string; page: number; page_size: number; }' is not assignable to parameter of type 'number'.
src/app/(dashboard)/challenges/[challengeId]/page.tsx(100,30): error TS2339: Property 'title' does not exist on type 'ChallengeRead'.
src/app/(dashboard)/challenges/[challengeId]/page.tsx(102,53): error TS2339: Property 'status' does not exist on type 'ChallengeRead'.
src/app/(dashboard)/challenges/[challengeId]/page.tsx(106,55): error TS2339: Property 'updated_at' does not exist on type 'ChallengeRead'.
src/app/(dashboard)/challenges/[challengeId]/page.tsx(113,35): error TS2339: Property 'status' does not exist on type 'ChallengeRead'.
src/app/(dashboard)/challenges/[challengeId]/page.tsx(133,20): error TS2339: Property 'project' does not exist on type 'ChallengeRead'.
src/app/(dashboard)/challenges/[challengeId]/page.tsx(135,42): error TS2339: Property 'project' does not exist on type 'ChallengeRead'.
src/app/(dashboard)/challenges/[challengeId]/page.tsx(139,24): error TS2339: Property 'project' does not exist on type 'ChallengeRead'.
src/app/(dashboard)/challenges/[challengeId]/page.tsx(151,28): error TS2339: Property 'problem_statement' does not exist on type 'ChallengeRead'.
src/app/(dashboard)/challenges/[challengeId]/page.tsx(162,28): error TS2339: Property 'context' does not exist on type 'ChallengeRead'.
src/app/(dashboard)/challenges/[challengeId]/page.tsx(173,28): error TS2339: Property 'constraints' does not exist on type 'ChallengeRead'.
src/app/(dashboard)/challenges/[challengeId]/page.tsx(184,28): error TS2339: Property 'success_criteria' does not exist on type 'ChallengeRead'.
src/app/(dashboard)/challenges/[challengeId]/page.tsx(202,28): error TS2339: Property 'results' does not exist on type 'PaginatedResponse<ArtifactRead>'.
src/app/(dashboard)/challenges/[challengeId]/page.tsx(204,28): error TS2339: Property 'results' does not exist on type 'PaginatedResponse<ArtifactRead>'.
src/app/(dashboard)/challenges/[challengeId]/page.tsx(204,41): error TS7006: Parameter 'artifact' implicitly has an 'any' type.
src/app/(dashboard)/challenges/[challengeId]/page.tsx(245,64): error TS2339: Property 'title' does not exist on type 'ChallengeRead'.
src/app/(dashboard)/challenges/page.tsx(18,45): error TS2345: Argument of type '{ page: number; page_size: number; search: string | undefined; }' is not assignable to parameter of type 'number'.
src/app/(dashboard)/challenges/page.tsx(67,19): error TS2339: Property 'results' does not exist on type 'PaginatedResponse<ChallengeRead>'.
src/app/(dashboard)/challenges/page.tsx(69,19): error TS2339: Property 'results' does not exist on type 'PaginatedResponse<ChallengeRead>'.
src/app/(dashboard)/challenges/page.tsx(69,32): error TS7006: Parameter 'challenge' implicitly has an 'any' type.
src/app/(dashboard)/dashboard/dashboard-content.tsx(24,74): error TS2345: Argument of type '{ page: number; page_size: number; }' is not assignable to parameter of type 'number'.
src/app/(dashboard)/dashboard/dashboard-content.tsx(28,80): error TS2345: Argument of type '{ page: number; page_size: number; }' is not assignable to parameter of type 'number'.
src/app/(dashboard)/dashboard/dashboard-content.tsx(32,77): error TS2345: Argument of type '{ page: number; page_size: number; }' is not assignable to parameter of type 'number'.
src/app/(dashboard)/dashboard/dashboard-content.tsx(40,28): error TS2339: Property 'count' does not exist on type 'PaginatedResponse<ProjectRead>'.
src/app/(dashboard)/dashboard/dashboard-content.tsx(46,30): error TS2339: Property 'count' does not exist on type 'PaginatedResponse<ChallengeRead>'.
src/app/(dashboard)/dashboard/dashboard-content.tsx(52,29): error TS2339: Property 'count' does not exist on type 'PaginatedResponse<ArtifactRead>'.
src/app/(dashboard)/dashboard/dashboard-content.tsx(121,31): error TS2339: Property 'results' does not exist on type 'PaginatedResponse<ProjectRead>'.
src/app/(dashboard)/dashboard/dashboard-content.tsx(123,31): error TS2339: Property 'results' does not exist on type 'PaginatedResponse<ProjectRead>'.
src/app/(dashboard)/dashboard/dashboard-content.tsx(123,56): error TS7006: Parameter 'project' implicitly has an 'any' type.
src/app/(dashboard)/dashboard/dashboard-content.tsx(180,33): error TS2339: Property 'results' does not exist on type 'PaginatedResponse<ChallengeRead>'.
src/app/(dashboard)/dashboard/dashboard-content.tsx(182,33): error TS2339: Property 'results' does not exist on type 'PaginatedResponse<ChallengeRead>'.
src/app/(dashboard)/dashboard/dashboard-content.tsx(182,58): error TS7006: Parameter 'challenge' implicitly has an 'any' type.
src/app/(dashboard)/dashboard/dashboard-content.tsx(240,30): error TS2339: Property 'results' does not exist on type 'PaginatedResponse<ArtifactRead>'.
src/app/(dashboard)/dashboard/dashboard-content.tsx(242,30): error TS2339: Property 'results' does not exist on type 'PaginatedResponse<ArtifactRead>'.
src/app/(dashboard)/dashboard/dashboard-content.tsx(242,55): error TS7006: Parameter 'artifact' implicitly has an 'any' type.
src/app/(dashboard)/knowledge/page.tsx(78,31): error TS2339: Property 'results' does not exist on type 'PaginatedResponse<KnowledgeItemRead>'.
src/app/(dashboard)/knowledge/page.tsx(78,48): error TS7006: Parameter 'item' implicitly has an 'any' type.
src/app/(dashboard)/knowledge/page.tsx(145,35): error TS7006: Parameter 'item' implicitly has an 'any' type.
src/app/(dashboard)/knowledge/page.tsx(151,27): error TS2339: Property 'count' does not exist on type 'PaginatedResponse<KnowledgeItemRead>'.
src/app/(dashboard)/knowledge/page.tsx(161,50): error TS2339: Property 'count' does not exist on type 'PaginatedResponse<KnowledgeItemRead>'.
src/app/(dashboard)/knowledge/page.tsx(165,52): error TS2339: Property 'count' does not exist on type 'PaginatedResponse<KnowledgeItemRead>'.
src/app/(dashboard)/projects/[projectId]/edit/page.tsx(27,39): error TS2353: Object literal may only specify known properties, and 'id' does not exist in type '{ projectId: string; data: ProjectUpdate; }'.
src/app/(dashboard)/projects/[projectId]/page.tsx(69,41): error TS2339: Property 'results' does not exist on type 'PaginatedResponse<ChallengeRead>'.
src/app/(dashboard)/projects/[projectId]/page.tsx(70,6): error TS7006: Parameter 'c' implicitly has an 'any' type.
src/app/(dashboard)/projects/[projectId]/page.tsx(242,39): error TS7006: Parameter 'challenge' implicitly has an 'any' type.
src/app/(dashboard)/projects/page.tsx(34,19): error TS2339: Property 'results' does not exist on type 'PaginatedResponse<ProjectRead>'.
src/app/(dashboard)/projects/page.tsx(34,35): error TS7006: Parameter 'project' implicitly has an 'any' type.
src/app/(dashboard)/projects/page.tsx(108,27): error TS2339: Property 'results' does not exist on type 'PaginatedResponse<ProjectRead>'.
src/app/(dashboard)/search/page.tsx(21,10): error TS2724: '"@/lib/utils/formatDate"' has no exported member named 'formatSmartDate'. Did you mean 'formatDate'?
src/app/(dashboard)/settings/organisation/page.tsx(341,59): error TS2345: Argument of type 'string | null' is not assignable to parameter of type 'string | number | Date'.
  Type 'null' is not assignable to type 'string | number | Date'.
src/app/auth/accept/page.tsx(80,23): error TS2322: Type '{ message: string; }' is not assignable to type 'IntrinsicAttributes & ErrorMessageProps'.
  Property 'message' does not exist on type 'IntrinsicAttributes & ErrorMessageProps'.
src/components/analyze/analyze-button.tsx(6,10): error TS2305: Module '"@/lib/hooks"' has no exported member 'useAnalyzeChallenge'.
src/components/analyze/ChallengeForm.tsx(7,3): error TS2724: '"@/lib/schemas"' has no exported member named 'updateChallengeSchema'. Did you mean 'createChallengeSchema'?
src/components/analyze/ChallengeForm.tsx(9,8): error TS2724: '"@/lib/schemas"' has no exported member named 'UpdateChallengeInput'. Did you mean 'CreateChallengeInput'?
src/components/analyze/ChallengeForm.tsx(12,15): error TS2305: Module '"@/lib/types"' has no exported member 'Challenge'.
src/components/analyze/ChallengeForm.tsx(49,70): error TS2345: Argument of type '{ page: number; page_size: number; }' is not assignable to parameter of type 'number'.
src/components/analyze/ChallengeForm.tsx(93,11): error TS2322: Type '{ message: string; }' is not assignable to type 'IntrinsicAttributes & ErrorMessageProps'.
  Property 'message' does not exist on type 'IntrinsicAttributes & ErrorMessageProps'.
src/components/analyze/ChallengeForm.tsx(110,28): error TS2339: Property 'results' does not exist on type 'PaginatedResponse<ProjectRead>'.
src/components/analyze/ChallengeForm.tsx(110,42): error TS7006: Parameter 'project' implicitly has an 'any' type.
src/components/analyze/ChallengeForm.tsx(211,72): error TS2339: Property 'time_horizon' does not exist on type '{ project_id: string; raw_text: string; domain_code?: string | null | undefined; }'.
src/components/analyze/ChallengeForm.tsx(218,29): error TS2339: Property 'time_horizons' does not exist on type 'ConstantsResponse'.
src/components/analyze/ChallengeForm.tsx(218,49): error TS7006: Parameter 'horizon' implicitly has an 'any' type.
src/components/analyze/ChallengeForm.tsx(239,29): error TS2339: Property 'name' does not exist on type 'DecisionDomainRead'.
src/components/analyze/index.ts(1,31): error TS2307: Cannot find module './challenge-form' or its corresponding type declarations.
src/components/auth/AcceptInvitationForm.tsx(98,13): error TS2322: Type '{ message: string; }' is not assignable to type 'IntrinsicAttributes & ErrorMessageProps'.
  Property 'message' does not exist on type 'IntrinsicAttributes & ErrorMessageProps'.
src/components/auth/CompleteProfileForm.tsx(85,13): error TS2322: Type '{ message: string; }' is not assignable to type 'IntrinsicAttributes & ErrorMessageProps'.
  Property 'message' does not exist on type 'IntrinsicAttributes & ErrorMessageProps'.
src/components/auth/EmailForm.tsx(49,11): error TS2322: Type '{ message: string; }' is not assignable to type 'IntrinsicAttributes & ErrorMessageProps'.
  Property 'message' does not exist on type 'IntrinsicAttributes & ErrorMessageProps'.
src/components/auth/MagicLinkHandler.tsx(105,23): error TS2322: Type '{ message: string; }' is not assignable to type 'IntrinsicAttributes & ErrorMessageProps'.
  Property 'message' does not exist on type 'IntrinsicAttributes & ErrorMessageProps'.
src/components/auth/MagicLinkHandler.tsx(129,11): error TS2322: Type '{ message: string; }' is not assignable to type 'IntrinsicAttributes & ErrorMessageProps'.
  Property 'message' does not exist on type 'IntrinsicAttributes & ErrorMessageProps'.
src/components/auth/OtpForm.tsx(98,13): error TS2322: Type '{ message: string; }' is not assignable to type 'IntrinsicAttributes & ErrorMessageProps'.
  Property 'message' does not exist on type 'IntrinsicAttributes & ErrorMessageProps'.
src/components/auth/SigninMethodForm.tsx(53,11): error TS2322: Type '{ message: string; }' is not assignable to type 'IntrinsicAttributes & ErrorMessageProps'.
  Property 'message' does not exist on type 'IntrinsicAttributes & ErrorMessageProps'.
src/components/auth/SignupAndRequestForm.tsx(95,13): error TS2322: Type '{ message: string; }' is not assignable to type 'IntrinsicAttributes & ErrorMessageProps'.
  Property 'message' does not exist on type 'IntrinsicAttributes & ErrorMessageProps'.
src/components/auth/SignupForm.tsx(99,11): error TS2322: Type '{ message: string; }' is not assignable to type 'IntrinsicAttributes & ErrorMessageProps'.
  Property 'message' does not exist on type 'IntrinsicAttributes & ErrorMessageProps'.
src/components/comments/CommentList.tsx(246,14): error TS2339: Property 'results' does not exist on type 'PaginatedResponse<CommentRead>'.
src/components/comments/CommentList.tsx(250,19): error TS2339: Property 'count' does not exist on type 'PaginatedResponse<CommentRead>'.
src/components/comments/CommentList.tsx(250,32): error TS2339: Property 'count' does not exist on type 'PaginatedResponse<CommentRead>'.
src/components/comments/CommentList.tsx(254,19): error TS2339: Property 'results' does not exist on type 'PaginatedResponse<CommentRead>'.
src/components/comments/CommentList.tsx(254,32): error TS7006: Parameter 'comment' implicitly has an 'any' type.
src/components/comments/CommentList.tsx(268,17): error TS2339: Property 'count' does not exist on type 'PaginatedResponse<CommentRead>'.
src/components/comments/CommentList.tsx(278,48): error TS2339: Property 'count' does not exist on type 'PaginatedResponse<CommentRead>'.
src/components/comments/CommentList.tsx(282,50): error TS2339: Property 'count' does not exist on type 'PaginatedResponse<CommentRead>'.
src/components/projects/CreateProjectForm.tsx(10,10): error TS2305: Module '"@/lib/schemas"' has no exported member 'projectCreateSchema'.
src/components/projects/CreateProjectForm.tsx(10,31): error TS2305: Module '"@/lib/schemas"' has no exported member 'projectUpdateSchema'.
src/components/projects/CreateProjectForm.tsx(10,57): error TS2305: Module '"@/lib/schemas"' has no exported member 'ProjectCreateInput'.
src/components/projects/CreateProjectForm.tsx(10,82): error TS2305: Module '"@/lib/schemas"' has no exported member 'ProjectUpdateInput'.
src/components/projects/CreateProjectForm.tsx(53,11): error TS2322: Type '{ message: string; }' is not assignable to type 'IntrinsicAttributes & ErrorMessageProps'.
  Property 'message' does not exist on type 'IntrinsicAttributes & ErrorMessageProps'.
src/components/projects/index.ts(5,29): error TS2307: Cannot find module './project-card' or its corresponding type declarations.
src/components/projects/index.ts(6,29): error TS2307: Cannot find module './project-form' or its corresponding type declarations.
src/components/projects/index.ts(7,29): error TS2307: Cannot find module './project-list' or its corresponding type declarations.
src/components/projects/NewProjectModal.tsx(11,15): error TS2305: Module '"@/lib/schemas"' has no exported member 'ProjectCreateInput'.
src/components/projects/NewProjectModal.tsx(12,29): error TS2307: Cannot find module './project-form' or its corresponding type declarations.
src/components/projects/ProjectList.tsx(13,29): error TS2307: Cannot find module './project-card' or its corresponding type declarations.
src/components/projects/ProjectList.tsx(97,14): error TS2339: Property 'results' does not exist on type 'PaginatedResponse<ProjectItem>'.
src/components/projects/ProjectList.tsx(118,15): error TS2339: Property 'results' does not exist on type 'PaginatedResponse<ProjectItem>'.
src/components/projects/ProjectList.tsx(118,28): error TS7006: Parameter 'project' implicitly has an 'any' type.
src/components/ui/Pagination.tsx(10,24): error TS1149: File name 'E:/Manymangoes/latest frontend/src/components/ui/button.tsx' differs from already included file name 'E:/Manymangoes/latest frontend/src/components/ui/Button.tsx' only in casing.
  The file is in the program because:
    Imported via '@/components/ui/Button' from file 'E:/Manymangoes/latest frontend/src/components/analyze/analyze-button.tsx'
    Imported via '@/components/ui/Button' from file 'E:/Manymangoes/latest frontend/src/components/auth/EmailForm.tsx'
    Imported via '@/components/ui/Button' from file 'E:/Manymangoes/latest frontend/src/components/auth/OtpForm.tsx'
    Imported via '@/components/ui/Button' from file 'E:/Manymangoes/latest frontend/src/components/auth/SigninMethodForm.tsx'
    Imported via '@/components/ui/Button' from file 'E:/Manymangoes/latest frontend/src/components/auth/SignupForm.tsx'
    Imported via '@/components/ui/Button' from file 'E:/Manymangoes/latest frontend/src/components/auth/SignupAndRequestForm.tsx'
    Imported via '@/components/ui/Button' from file 'E:/Manymangoes/latest frontend/src/components/auth/AcceptInvitationForm.tsx'
    Imported via '@/components/ui/Button' from file 'E:/Manymangoes/latest frontend/src/components/auth/CompleteProfileForm.tsx'
    Imported via '@/components/ui/Button' from file 'E:/Manymangoes/latest frontend/src/components/auth/MagicLinkHandler.tsx'
    Imported via '@/components/ui/Button' from file 'E:/Manymangoes/latest frontend/src/components/comments/CommentList.tsx'
    Imported via '@/components/ui/Button' from file 'E:/Manymangoes/latest frontend/src/components/ui/AlertDialog.tsx'
    Imported via '@/components/ui/Button' from file 'E:/Manymangoes/latest frontend/src/components/layout/Sidebar.tsx'
    Imported via '@/components/ui/Button' from file 'E:/Manymangoes/latest frontend/src/components/layout/TopNav.tsx'
    Imported via '@/components/ui/Button' from file 'E:/Manymangoes/latest frontend/src/components/layout/header.tsx'
    Imported via './Button' from file 'E:/Manymangoes/latest frontend/src/components/ui/index.ts'
    Imported via '@/components/ui/Button' from file 'E:/Manymangoes/latest frontend/src/app/error.tsx'
    Imported via '@/components/ui/Button' from file 'E:/Manymangoes/latest frontend/src/app/not-found.tsx'
    Imported via '@/components/ui/Button' from file 'E:/Manymangoes/latest frontend/src/app/page.tsx'
    Imported via '@/components/ui/Button' from file 'E:/Manymangoes/latest frontend/src/app/(dashboard)/admin/error.tsx'
    Imported via '@/components/ui/Button' from file 'E:/Manymangoes/latest frontend/src/app/(dashboard)/admin/layout.tsx'
    Imported via '@/components/ui/Button' from file 'E:/Manymangoes/latest frontend/src/components/admin/KnowledgeEditor.tsx'
    Imported via '@/components/ui/Button' from file 'E:/Manymangoes/latest frontend/src/components/admin/MemberTable.tsx'
    Imported via '@/components/ui/Button' from file 'E:/Manymangoes/latest frontend/src/components/admin/InviteForm.tsx'
    Imported via '@/components/ui/Button' from file 'E:/Manymangoes/latest frontend/src/components/admin/JoinRequestList.tsx'
    Imported via '@/components/ui/Button' from file 'E:/Manymangoes/latest frontend/src/app/(dashboard)/admin/settings/page.tsx'
    Imported via '@/components/ui/Button' from file 'E:/Manymangoes/latest frontend/src/app/(dashboard)/artifacts/error.tsx'
    Imported via '@/components/ui/Button' from file 'E:/Manymangoes/latest frontend/src/app/(dashboard)/artifacts/[artifactId]/page.tsx'
    Imported via '@/components/ui/Button' from file 'E:/Manymangoes/latest frontend/src/app/(dashboard)/challenges/error.tsx'
    Imported via '@/components/ui/Button' from file 'E:/Manymangoes/latest frontend/src/app/(dashboard)/challenges/page.tsx'
    Imported via '@/components/ui/Button' from file 'E:/Manymangoes/latest frontend/src/app/(dashboard)/challenges/[challengeId]/page.tsx'
    Imported via '@/components/ui/Button' from file 'E:/Manymangoes/latest frontend/src/app/(dashboard)/challenges/new/page.tsx'
    Imported via '@/components/ui/Button' from file 'E:/Manymangoes/latest frontend/src/app/(dashboard)/dashboard/dashboard-content.tsx'
    Imported via '@/components/ui/Button' from file 'E:/Manymangoes/latest frontend/src/app/(dashboard)/dashboard/profile-completion-banner.tsx'
    Imported via '@/components/ui/Button' from file 'E:/Manymangoes/latest frontend/src/app/(dashboard)/dashboard/error.tsx'
    Imported via '@/components/ui/Button' from file 'E:/Manymangoes/latest frontend/src/app/(dashboard)/knowledge/error.tsx'
    Imported via '@/components/ui/Button' from file 'E:/Manymangoes/latest frontend/src/app/(dashboard)/knowledge/[knowledgeId]/page.tsx'
    Imported via '@/components/ui/Button' from file 'E:/Manymangoes/latest frontend/src/app/(dashboard)/projects/error.tsx'
    Imported via '@/components/ui/Button' from file 'E:/Manymangoes/latest frontend/src/app/(dashboard)/projects/page.tsx'
    Imported via './button' from file 'E:/Manymangoes/latest frontend/src/components/ui/Pagination.tsx'
    Imported via '@/components/ui/Button' from file 'E:/Manymangoes/latest frontend/src/app/(dashboard)/projects/[projectId]/page.tsx'
    Imported via '@/components/ui/Button' from file 'E:/Manymangoes/latest frontend/src/app/(dashboard)/projects/[projectId]/edit/page.tsx'
    Imported via '@/components/ui/Button' from file 'E:/Manymangoes/latest frontend/src/app/(dashboard)/projects/new/page.tsx'
    Imported via '@/components/ui/Button' from file 'E:/Manymangoes/latest frontend/src/app/(dashboard)/search/error.tsx'
    Imported via '@/components/ui/Button' from file 'E:/Manymangoes/latest frontend/src/app/(dashboard)/settings/error.tsx'
    Imported via '@/components/ui/Button' from file 'E:/Manymangoes/latest frontend/src/app/(dashboard)/settings/page.tsx'
    Imported via '@/components/ui/Button' from file 'E:/Manymangoes/latest frontend/src/app/(dashboard)/settings/organisation/error.tsx'
    Imported via '@/components/ui/Button' from file 'E:/Manymangoes/latest frontend/src/app/(dashboard)/settings/organisation/page.tsx'
    Imported via '@/components/ui/Button' from file 'E:/Manymangoes/latest frontend/src/app/auth/accept/page.tsx'
    Imported via '@/components/ui/Button' from file 'E:/Manymangoes/latest frontend/src/app/auth/complete-profile/page.tsx'
    Imported via '@/components/ui/Button' from file 'E:/Manymangoes/latest frontend/src/app/auth/login/page.tsx'
    Imported via '@/components/ui/Button' from file 'E:/Manymangoes/latest frontend/src/app/auth/magic-link/page.tsx'
    Imported via '@/components/ui/Button' from file 'E:/Manymangoes/latest frontend/src/app/auth/verify/page.tsx'
    Imported via '@/components/ui/Button' from file 'E:/Manymangoes/latest frontend/src/app/auth/verify-email/page.tsx'
    Imported via '@/components/ui/Button' from file 'E:/Manymangoes/latest frontend/src/components/analyze/ChallengeForm.tsx'
    Imported via '@/components/ui/Button' from file 'E:/Manymangoes/latest frontend/src/components/projects/CreateProjectForm.tsx'
    Imported via '@/components/ui/Button' from file 'E:/Manymangoes/latest frontend/src/components/projects/ProjectCard.tsx'
    Imported via '@/components/ui/Button' from file 'E:/Manymangoes/latest frontend/src/components/projects/ProjectList.tsx'
    Matched by include pattern '**/*.tsx' in 'E:/Manymangoes/latest frontend/tsconfig.json'
src/hooks/use-toast.ts(6,53): error TS2307: Cannot find module '@/components/ui/toast' or its corresponding type declarations.
src/hooks/use-toast.ts(158,22): error TS7006: Parameter 'open' implicitly has an 'any' type.
src/lib/api/admin.ts(7,3): error TS2305: Module '"@/lib/types"' has no exported member 'User'.
src/lib/api/admin.ts(8,3): error TS2305: Module '"@/lib/types"' has no exported member 'AdminUserListParams'.
src/lib/api/admin.ts(9,3): error TS2724: '"@/lib/types"' has no exported member named 'AdminUserUpdate'. Did you mean 'UserUpdate'?
src/lib/api/admin.ts(10,3): error TS2305: Module '"@/lib/types"' has no exported member 'AdminUserCreate'.
src/lib/api/admin.ts(11,3): error TS2305: Module '"@/lib/types"' has no exported member 'AdminStats'.
src/lib/api/admin.ts(12,3): error TS2305: Module '"@/lib/types"' has no exported member 'AuditLogEntry'.
src/lib/hooks/index.ts(20,1): error TS2308: Module './useAuth' has already exported a member named 'useCompleteProfile'. Consider explicitly re-exporting to resolve the ambiguity.
src/lib/hooks/useAdmin.ts(11,3): error TS2305: Module '"@/lib/types"' has no exported member 'AdminUserListParams'.
src/lib/hooks/useAdmin.ts(12,3): error TS2724: '"@/lib/types"' has no exported member named 'AdminUserUpdate'. Did you mean 'UserUpdate'?
src/lib/hooks/useAdmin.ts(13,3): error TS2305: Module '"@/lib/types"' has no exported member 'AdminUserCreate'.
src/lib/hooks/useAuth.ts(246,5): error TS2322: Type '(data: SelectOrgRequest, tempToken?: string | undefined) => Promise<SelectOrgResponse>' is not assignable to type 'MutationFunction<SelectOrgResponse, SelectOrgRequest>'.
  Types of parameters 'tempToken' and 'context' are incompatible.
    Type 'MutationFunctionContext' is not assignable to type 'string'.
src/lib/hooks/useUser.ts(68,11): error TS2339: Property 'logout' does not exist on type 'AuthState & AuthActions'.
src/lib/schemas/index.ts(7,1): error TS2308: Module './auth' has already exported a member named 'CompleteProfileInput'. Consider explicitly re-exporting to resolve the ambiguity.
src/lib/schemas/index.ts(7,1): error TS2308: Module './auth' has already exported a member named 'completeProfileSchema'. Consider explicitly re-exporting to resolve the ambiguity.
